AR register_file behavioral C:/Xilinx/Procesador_Mono/Procesador_Mono/Register_file.vhd sub00/vhpl13 1461857041
AR mux behavioral C:/Xilinx/Procesador_Mono/Procesador_Mono/MuX.vhd sub00/vhpl09 1461857037
EN seu NULL C:/Xilinx/Procesador_Mono/Procesador_Mono/Seu.vhd sub00/vhpl06 1461857034
AR im behavioral C:/Xilinx/Procesador_Mono/Procesador_Mono/IM.vhd sub00/vhpl05 1461857033
AR npc behavioral C:/Xilinx/Procesador_Mono/Procesador_Mono/NpC.vhd sub00/vhpl18 1461857027
EN im NULL C:/Xilinx/Procesador_Mono/Procesador_Mono/IM.vhd sub00/vhpl04 1461857032
AR seu behavioral C:/Xilinx/Procesador_Mono/Procesador_Mono/Seu.vhd sub00/vhpl07 1461857035
AR sumador32 behavioral C:/Xilinx/Procesador_Mono/Procesador_Mono/Sumador32.vhd sub00/vhpl03 1461857031
EN pc NULL C:/Xilinx/Procesador_Mono/Procesador_Mono/Pc.vhd sub00/vhpl00 1461857028
AR uc behavioral C:/Xilinx/Procesador_Mono/Procesador_Mono/Uc.vhd sub00/vhpl11 1461857039
EN uc NULL C:/Xilinx/Procesador_Mono/Procesador_Mono/Uc.vhd sub00/vhpl10 1461857038
EN register_file NULL C:/Xilinx/Procesador_Mono/Procesador_Mono/Register_file.vhd sub00/vhpl12 1461857040
EN arquitectura_procesador NULL C:/Xilinx/Procesador_Mono/Procesador_Mono/Arquitectura-procesador.vhd sub00/vhpl16 1461857044
EN npc NULL C:/Xilinx/Procesador_Mono/Procesador_Mono/NpC.vhd sub00/vhpl17 1461857026
EN sumador32 NULL C:/Xilinx/Procesador_Mono/Procesador_Mono/Sumador32.vhd sub00/vhpl02 1461857030
AR arquitectura_procesador behavioral C:/Xilinx/Procesador_Mono/Procesador_Mono/Arquitectura-procesador.vhd sub00/vhpl19 1461857045
EN mux NULL C:/Xilinx/Procesador_Mono/Procesador_Mono/MuX.vhd sub00/vhpl08 1461857036
AR alu behavioral C:/Xilinx/Procesador_Mono/Procesador_Mono/ALU.vhd sub00/vhpl15 1461857043
AR pc behavioral C:/Xilinx/Procesador_Mono/Procesador_Mono/Pc.vhd sub00/vhpl01 1461857029
EN alu NULL C:/Xilinx/Procesador_Mono/Procesador_Mono/ALU.vhd sub00/vhpl14 1461857042
