V3 59
FL C:/.Xilinx/Arquitectura/ConditionalCodes/Procesador_Mono/ALU.vhd 2016/04/19.19:25:35 P.20131013
FL C:/.Xilinx/Arquitectura/ConditionalCodes/Procesador_Mono/Arquitectura-procesador.vhd 2016/04/19.16:41:23 P.20131013
FL C:/.Xilinx/Arquitectura/ConditionalCodes/Procesador_Mono/IM.vhd 2016/04/19.18:36:05 P.20131013
FL C:/.Xilinx/Arquitectura/ConditionalCodes/Procesador_Mono/MuX.vhd 2016/04/20.11:12:53 P.20131013
FL C:/.Xilinx/Arquitectura/ConditionalCodes/Procesador_Mono/NpC.vhd 2016/04/20.10:39:11 P.20131013
FL C:/.Xilinx/Arquitectura/ConditionalCodes/Procesador_Mono/Pc.vhd 2016/04/13.11:24:26 P.20131013
FL C:/.Xilinx/Arquitectura/ConditionalCodes/Procesador_Mono/Register_file.vhd 2016/04/19.18:41:51 P.20131013
FL C:/.Xilinx/Arquitectura/ConditionalCodes/Procesador_Mono/Seu.vhd 2016/04/19.18:39:52 P.20131013
FL C:/.Xilinx/Arquitectura/ConditionalCodes/Procesador_Mono/Sumador32.vhd 2016/04/13.11:32:57 P.20131013
FL C:/.Xilinx/Arquitectura/ConditionalCodes/Procesador_Mono/Uc.vhd 2016/04/19.19:22:16 P.20131013
FL C:/.Xilinx/Procesador_Mono/ALU.vhd 2016/04/19.19:25:35 P.20131013
FL C:/.Xilinx/Procesador_Mono/Arquitectura-procesador.vhd 2016/04/20.11:45:41 P.20131013
FL C:/.Xilinx/Procesador_Mono/IM.vhd 2016/04/20.13:40:18 P.20131013
FL C:/.Xilinx/Procesador_Mono/MuX.vhd 2016/04/20.11:12:53 P.20131013
FL C:/.Xilinx/Procesador_Mono/NpC.vhd 2016/04/20.10:39:11 P.20131013
FL C:/.Xilinx/Procesador_Mono/Pc.vhd 2016/04/20.11:27:42 P.20131013
FL C:/.Xilinx/Procesador_Mono/Register_file.vhd 2016/04/19.18:41:51 P.20131013
FL C:/.Xilinx/Procesador_Mono/Seu.vhd 2016/04/19.18:39:52 P.20131013
FL C:/.Xilinx/Procesador_Mono/Sumador32.vhd 2016/04/13.11:32:57 P.20131013
FL C:/.Xilinx/Procesador_Mono/Uc.vhd 2016/04/19.19:22:16 P.20131013
FL C:/Users/cristian/Desktop/pro/Procesador_Mono/Procesador_Mono/ALU.vhd 2016/04/27.11:13:35 P.20131013
EN work/ALU 1461774117 \
      FL C:/Users/cristian/Desktop/pro/Procesador_Mono/Procesador_Mono/ALU.vhd \
      PB ieee/std_logic_1164 1381692176 PB ieee/STD_LOGIC_UNSIGNED 1381692179 \
      PB ieee/NUMERIC_STD 1381692181 PB ieee/std_logic_arith 1381692177 \
      PB std/TEXTIO 1381692176
AR work/ALU/Behavioral 1461774118 \
      FL C:/Users/cristian/Desktop/pro/Procesador_Mono/Procesador_Mono/ALU.vhd \
      EN work/ALU 1461774117
FL C:/Users/cristian/Desktop/pro/Procesador_Mono/Procesador_Mono/Arquitectura-procesador.vhd 2016/04/20.11:45:41 P.20131013
EN work/Arquitectura_procesador 1461774119 \
      FL C:/Users/cristian/Desktop/pro/Procesador_Mono/Procesador_Mono/Arquitectura-procesador.vhd \
      PB ieee/std_logic_1164 1381692176
AR work/Arquitectura_procesador/Behavioral 1461774120 \
      FL C:/Users/cristian/Desktop/pro/Procesador_Mono/Procesador_Mono/Arquitectura-procesador.vhd \
      EN work/Arquitectura_procesador 1461774119 CP Npc CP Pc CP Sumador32 CP IM \
      CP Seu CP MuX CP Uc CP Register_file CP ALU
FL C:/Users/cristian/Desktop/pro/Procesador_Mono/Procesador_Mono/IM.vhd 2016/04/20.13:40:18 P.20131013
EN work/IM 1461774107 \
      FL C:/Users/cristian/Desktop/pro/Procesador_Mono/Procesador_Mono/IM.vhd \
      PB ieee/std_logic_1164 1381692176 PB ieee/STD_LOGIC_UNSIGNED 1381692179 \
      PB ieee/NUMERIC_STD 1381692181 PB std/TEXTIO 1381692176
AR work/IM/Behavioral 1461774108 \
      FL C:/Users/cristian/Desktop/pro/Procesador_Mono/Procesador_Mono/IM.vhd \
      EN work/IM 1461774107
FL C:/Users/cristian/Desktop/pro/Procesador_Mono/Procesador_Mono/MuX.vhd 2016/04/20.11:12:53 P.20131013
EN work/MuX 1461774111 \
      FL C:/Users/cristian/Desktop/pro/Procesador_Mono/Procesador_Mono/MuX.vhd \
      PB ieee/std_logic_1164 1381692176
AR work/MuX/Behavioral 1461774112 \
      FL C:/Users/cristian/Desktop/pro/Procesador_Mono/Procesador_Mono/MuX.vhd \
      EN work/MuX 1461774111
FL C:/Users/cristian/Desktop/pro/Procesador_Mono/Procesador_Mono/NpC.vhd 2016/04/20.10:39:11 P.20131013
EN work/NpC 1461774101 \
      FL C:/Users/cristian/Desktop/pro/Procesador_Mono/Procesador_Mono/NpC.vhd \
      PB ieee/std_logic_1164 1381692176
AR work/NpC/Behavioral 1461774102 \
      FL C:/Users/cristian/Desktop/pro/Procesador_Mono/Procesador_Mono/NpC.vhd \
      EN work/NpC 1461774101
FL C:/Users/cristian/Desktop/pro/Procesador_Mono/Procesador_Mono/Pc.vhd 2016/04/20.11:27:42 P.20131013
EN work/Pc 1461774103 \
      FL C:/Users/cristian/Desktop/pro/Procesador_Mono/Procesador_Mono/Pc.vhd \
      PB ieee/std_logic_1164 1381692176
AR work/Pc/Behavioral 1461774104 \
      FL C:/Users/cristian/Desktop/pro/Procesador_Mono/Procesador_Mono/Pc.vhd \
      EN work/Pc 1461774103
FL C:/Users/cristian/Desktop/pro/Procesador_Mono/Procesador_Mono/Register_file.vhd 2016/04/19.18:41:51 P.20131013
EN work/Register_file 1461774115 \
      FL C:/Users/cristian/Desktop/pro/Procesador_Mono/Procesador_Mono/Register_file.vhd \
      PB ieee/std_logic_1164 1381692176 PB ieee/STD_LOGIC_UNSIGNED 1381692179 \
      PB ieee/NUMERIC_STD 1381692181 PB std/TEXTIO 1381692176 \
      PB ieee/std_logic_arith 1381692177
AR work/Register_file/Behavioral 1461774116 \
      FL C:/Users/cristian/Desktop/pro/Procesador_Mono/Procesador_Mono/Register_file.vhd \
      EN work/Register_file 1461774115
FL C:/Users/cristian/Desktop/pro/Procesador_Mono/Procesador_Mono/Seu.vhd 2016/04/19.18:39:52 P.20131013
EN work/Seu 1461774109 \
      FL C:/Users/cristian/Desktop/pro/Procesador_Mono/Procesador_Mono/Seu.vhd \
      PB ieee/std_logic_1164 1381692176
AR work/Seu/Behavioral 1461774110 \
      FL C:/Users/cristian/Desktop/pro/Procesador_Mono/Procesador_Mono/Seu.vhd \
      EN work/Seu 1461774109
FL C:/Users/cristian/Desktop/pro/Procesador_Mono/Procesador_Mono/Sumador32.vhd 2016/04/13.11:32:57 P.20131013
EN work/Sumador32 1461774105 \
      FL C:/Users/cristian/Desktop/pro/Procesador_Mono/Procesador_Mono/Sumador32.vhd \
      PB ieee/std_logic_1164 1381692176 PB ieee/STD_LOGIC_UNSIGNED 1381692179
AR work/Sumador32/Behavioral 1461774106 \
      FL C:/Users/cristian/Desktop/pro/Procesador_Mono/Procesador_Mono/Sumador32.vhd \
      EN work/Sumador32 1461774105
FL C:/Users/cristian/Desktop/pro/Procesador_Mono/Procesador_Mono/Uc.vhd 2016/04/19.19:22:16 P.20131013
EN work/Uc 1461774113 \
      FL C:/Users/cristian/Desktop/pro/Procesador_Mono/Procesador_Mono/Uc.vhd \
      PB ieee/std_logic_1164 1381692176
AR work/Uc/Behavioral 1461774114 \
      FL C:/Users/cristian/Desktop/pro/Procesador_Mono/Procesador_Mono/Uc.vhd \
      EN work/Uc 1461774113
